// Jest Snapshot v1, https://goo.gl/fbAQLP

exports[`DataFetcher should render its children 1`] = `
<div
  class="bg-black text-white font-sans min-h-screen flex items-center justify-center"
>
  <span>
    Loading...
  </span>
</div>
`;
